src/api/article-translations.ts(75,23): error TS2345: Argument of type 'string | Buffer<ArrayBufferLike>' is not assignable to parameter of type 'string'.
  Type 'Buffer<ArrayBufferLike>' is not assignable to type 'string'.
src/api/article-translations.ts(235,23): error TS2345: Argument of type 'string | Buffer<ArrayBufferLike>' is not assignable to parameter of type 'string'.
  Type 'Buffer<ArrayBufferLike>' is not assignable to type 'string'.
src/services/aiAgentService.ts(186,25): error TS2345: Argument of type 'string | Buffer<ArrayBufferLike>' is not assignable to parameter of type 'string'.
  Type 'Buffer<ArrayBufferLike>' is not assignable to type 'string'.
src/services/aiAgentService.ts(230,27): error TS2345: Argument of type 'string | Buffer<ArrayBufferLike>' is not assignable to parameter of type 'string'.
  Type 'Buffer<ArrayBufferLike>' is not assignable to type 'string'.
src/services/aiAgentService.ts(433,27): error TS2345: Argument of type 'string | Buffer<ArrayBufferLike>' is not assignable to parameter of type 'string'.
  Type 'Buffer<ArrayBufferLike>' is not assignable to type 'string'.
src/services/aiAgentService.ts(567,25): error TS2345: Argument of type 'string | Buffer<ArrayBufferLike>' is not assignable to parameter of type 'string'.
  Type 'Buffer<ArrayBufferLike>' is not assignable to type 'string'.
src/services/aiAnalyticsService.ts(302,25): error TS2345: Argument of type 'string | Buffer<ArrayBufferLike>' is not assignable to parameter of type 'string'.
  Type 'Buffer<ArrayBufferLike>' is not assignable to type 'string'.
src/services/aiAnalyticsService.ts(443,27): error TS2345: Argument of type 'string | Buffer<ArrayBufferLike>' is not assignable to parameter of type 'string'.
  Type 'Buffer<ArrayBufferLike>' is not assignable to type 'string'.
src/services/aiAnalyticsService.ts(592,27): error TS2345: Argument of type 'string | Buffer<ArrayBufferLike>' is not assignable to parameter of type 'string'.
  Type 'Buffer<ArrayBufferLike>' is not assignable to type 'string'.
src/services/aiAnalyticsService.ts(742,25): error TS2345: Argument of type 'string | Buffer<ArrayBufferLike>' is not assignable to parameter of type 'string'.
  Type 'Buffer<ArrayBufferLike>' is not assignable to type 'string'.
src/services/aiAnalyticsService.ts(792,25): error TS2345: Argument of type 'string | Buffer<ArrayBufferLike>' is not assignable to parameter of type 'string'.
  Type 'Buffer<ArrayBufferLike>' is not assignable to type 'string'.
src/services/aiAnalyticsService.ts(1056,41): error TS2345: Argument of type 'string | Buffer<ArrayBufferLike>' is not assignable to parameter of type 'string'.
  Type 'Buffer<ArrayBufferLike>' is not assignable to type 'string'.
src/services/aiAnalyticsService.ts(1363,25): error TS2345: Argument of type 'string | Buffer<ArrayBufferLike>' is not assignable to parameter of type 'string'.
  Type 'Buffer<ArrayBufferLike>' is not assignable to type 'string'.
src/services/aiConfigurationService.ts(228,25): error TS2345: Argument of type 'string | Buffer<ArrayBufferLike>' is not assignable to parameter of type 'string'.
  Type 'Buffer<ArrayBufferLike>' is not assignable to type 'string'.
src/services/aiConfigurationService.ts(471,25): error TS2345: Argument of type 'string | Buffer<ArrayBufferLike>' is not assignable to parameter of type 'string'.
  Type 'Buffer<ArrayBufferLike>' is not assignable to type 'string'.
src/services/aiConfigurationService.ts(514,54): error TS2345: Argument of type 'string | Buffer<ArrayBufferLike>' is not assignable to parameter of type 'string'.
  Type 'Buffer<ArrayBufferLike>' is not assignable to type 'string'.
src/services/aiConfigurationService.ts(681,25): error TS2345: Argument of type 'string | Buffer<ArrayBufferLike>' is not assignable to parameter of type 'string'.
  Type 'Buffer<ArrayBufferLike>' is not assignable to type 'string'.
src/services/aiConfigurationService.ts(912,25): error TS2345: Argument of type 'string | Buffer<ArrayBufferLike>' is not assignable to parameter of type 'string'.
  Type 'Buffer<ArrayBufferLike>' is not assignable to type 'string'.
src/services/aiMarketInsightsService.ts(170,27): error TS2345: Argument of type 'string | {}' is not assignable to parameter of type 'string'.
  Type '{}' is not assignable to type 'string'.
src/services/aiMarketInsightsService.ts(263,27): error TS2345: Argument of type 'string | {}' is not assignable to parameter of type 'string'.
  Type '{}' is not assignable to type 'string'.
src/services/aiMarketInsightsService.ts(341,27): error TS2345: Argument of type 'string | {}' is not assignable to parameter of type 'string'.
  Type '{}' is not assignable to type 'string'.
src/services/aiMarketInsightsService.ts(397,27): error TS2345: Argument of type 'string | {}' is not assignable to parameter of type 'string'.
  Type '{}' is not assignable to type 'string'.
src/services/aiSearchService.ts(262,34): error TS2339: Property 'content' does not exist on type 'string'.
src/services/aiTaskService.ts(267,25): error TS2345: Argument of type 'string | Buffer<ArrayBufferLike>' is not assignable to parameter of type 'string'.
  Type 'Buffer<ArrayBufferLike>' is not assignable to type 'string'.
src/services/aiTaskService.ts(352,25): error TS2345: Argument of type 'string | Buffer<ArrayBufferLike>' is not assignable to parameter of type 'string'.
  Type 'Buffer<ArrayBufferLike>' is not assignable to type 'string'.
src/services/aiTaskService.ts(697,38): error TS2345: Argument of type 'string | Buffer<ArrayBufferLike>' is not assignable to parameter of type 'string'.
  Type 'Buffer<ArrayBufferLike>' is not assignable to type 'string'.
src/services/aiTaskService.ts(724,25): error TS2345: Argument of type 'string | Buffer<ArrayBufferLike>' is not assignable to parameter of type 'string'.
  Type 'Buffer<ArrayBufferLike>' is not assignable to type 'string'.
src/services/aiWorkflowService.ts(1329,34): error TS2345: Argument of type 'string | Buffer<ArrayBufferLike>' is not assignable to parameter of type 'string'.
  Type 'Buffer<ArrayBufferLike>' is not assignable to type 'string'.
src/services/contentStrategyService.ts(143,32): error TS2339: Property 'content' does not exist on type 'string'.
src/services/contentStrategyService.ts(291,35): error TS2339: Property 'content' does not exist on type 'string'.
src/services/contentStrategyService.ts(512,33): error TS2339: Property 'content' does not exist on type 'string'.
src/services/contentStrategyService.ts(621,35): error TS2339: Property 'content' does not exist on type 'string'.
src/services/contentStrategyService.ts(815,35): error TS2339: Property 'content' does not exist on type 'string'.
src/services/embeddingService.ts(199,37): error TS2339: Property 'content' does not exist on type 'string'.
src/services/humanApprovalService.ts(270,27): error TS2345: Argument of type 'string | Buffer<ArrayBufferLike>' is not assignable to parameter of type 'string'.
  Type 'Buffer<ArrayBufferLike>' is not assignable to type 'string'.
src/services/humanApprovalService.ts(397,27): error TS2345: Argument of type 'string | Buffer<ArrayBufferLike>' is not assignable to parameter of type 'string'.
  Type 'Buffer<ArrayBufferLike>' is not assignable to type 'string'.
src/services/humanApprovalService.ts(807,27): error TS2345: Argument of type 'string | Buffer<ArrayBufferLike>' is not assignable to parameter of type 'string'.
  Type 'Buffer<ArrayBufferLike>' is not assignable to type 'string'.
src/services/humanApprovalService.ts(916,27): error TS2345: Argument of type 'string | Buffer<ArrayBufferLike>' is not assignable to parameter of type 'string'.
  Type 'Buffer<ArrayBufferLike>' is not assignable to type 'string'.
src/services/humanApprovalService.ts(987,27): error TS2345: Argument of type 'string | Buffer<ArrayBufferLike>' is not assignable to parameter of type 'string'.
  Type 'Buffer<ArrayBufferLike>' is not assignable to type 'string'.
src/services/predictiveSeoService.ts(445,35): error TS2345: Argument of type 'string | Buffer<ArrayBufferLike>' is not assignable to parameter of type 'string'.
  Type 'Buffer<ArrayBufferLike>' is not assignable to type 'string'.
src/services/predictiveSeoService.ts(655,35): error TS2345: Argument of type 'string | Buffer<ArrayBufferLike>' is not assignable to parameter of type 'string'.
  Type 'Buffer<ArrayBufferLike>' is not assignable to type 'string'.
src/services/predictiveSeoService.ts(863,35): error TS2345: Argument of type 'string | Buffer<ArrayBufferLike>' is not assignable to parameter of type 'string'.
  Type 'Buffer<ArrayBufferLike>' is not assignable to type 'string'.
src/services/predictiveSeoService.ts(1049,35): error TS2345: Argument of type 'string | Buffer<ArrayBufferLike>' is not assignable to parameter of type 'string'.
  Type 'Buffer<ArrayBufferLike>' is not assignable to type 'string'.
src/services/raoPerformanceService.ts(351,39): error TS2339: Property 'content' does not exist on type 'string'.
src/services/raoPerformanceService.ts(735,39): error TS2339: Property 'content' does not exist on type 'string'.
src/services/seoAutomationService.ts(993,27): error TS2345: Argument of type 'string | Buffer<ArrayBufferLike>' is not assignable to parameter of type 'string'.
  Type 'Buffer<ArrayBufferLike>' is not assignable to type 'string'.
src/services/seoDashboardService.ts(150,25): error TS2345: Argument of type 'string | Buffer<ArrayBufferLike>' is not assignable to parameter of type 'string'.
  Type 'Buffer<ArrayBufferLike>' is not assignable to type 'string'.
src/services/seoDashboardService.ts(364,25): error TS2345: Argument of type 'string | Buffer<ArrayBufferLike>' is not assignable to parameter of type 'string'.
  Type 'Buffer<ArrayBufferLike>' is not assignable to type 'string'.
src/services/seoDashboardService.ts(549,25): error TS2345: Argument of type 'string | Buffer<ArrayBufferLike>' is not assignable to parameter of type 'string'.
  Type 'Buffer<ArrayBufferLike>' is not assignable to type 'string'.
src/services/seoService.ts(222,34): error TS2339: Property 'content' does not exist on type 'string'.
src/services/seoService.ts(302,23): error TS2339: Property 'content' does not exist on type 'string'.
src/services/seoService.ts(334,44): error TS2339: Property 'choices' does not exist on type 'string'.
src/services/seoService.ts(372,34): error TS2339: Property 'content' does not exist on type 'string'.
src/services/userFeedbackService.ts(223,27): error TS2345: Argument of type 'string | {}' is not assignable to parameter of type 'string'.
  Type '{}' is not assignable to type 'string'.
src/services/userFeedbackService.ts(361,27): error TS2345: Argument of type 'string | {}' is not assignable to parameter of type 'string'.
  Type '{}' is not assignable to type 'string'.
src/services/userFeedbackService.ts(509,27): error TS2345: Argument of type 'string | {}' is not assignable to parameter of type 'string'.
  Type '{}' is not assignable to type 'string'.
src/services/userFeedbackService.ts(604,27): error TS2345: Argument of type 'string | {}' is not assignable to parameter of type 'string'.
  Type '{}' is not assignable to type 'string'.
